Microchip MPLAB XC8 Compiler V2.10 ()

Linker command line:

-W-3 --edf=C:\Program Files (x86)\Microchip\xc8\v2.10\pic\dat\en_msgs.txt \
  -cs -h+dist/default/production\Calculadora.X.production.sym \
  --cmf=dist/default/production\Calculadora.X.production.cmf -z -Q18F4550 \
  -oC:\Users\jhon_\AppData\Local\Temp\s694.2 --defsym=__MPLAB_BUILD=1 \
  -Mdist/default/production/Calculadora.X.production.map -E1 -ver=XC8 \
  --acfsm=1493 -ASTACK=093h-07FFh -pstack=STACK -ACODE=00h-07FFFh \
  -ACONST=00h-07FFFh -ASMALLCONST=0800h-08FFhx120 \
  -AMEDIUMCONST=0800h-07FFFh -ACOMRAM=01h-05Fh -AABS1=00h-07FFh \
  -ABIGRAM=01h-07FFh -ARAM=060h-0FFh,0100h-01FFhx7 -ABANK0=060h-0FFh \
  -ABANK1=0100h-01FFh -ABANK2=0200h-02FFh -ABANK3=0300h-03FFh \
  -ABANK4=0400h-04FFh -ABANK5=0500h-05FFh -ABANK6=0600h-06FFh \
  -ABANK7=0700h-07FFh -ASFR=0F60h-0FFFh \
  -preset_vec=00h,intcode,intcodelo,powerup,init -pramtop=0800h \
  -psmallconst=SMALLCONST -pmediumconst=MEDIUMCONST -pconst=CONST \
  -AFARRAM=00h-00h -ACONFIG=0300000h-030000Dh -pconfig=CONFIG \
  -AIDLOC=0200000h-0200007h -pidloc=IDLOC -AEEDATA=0F00000h-0F000FFh \
  -peeprom_data=EEDATA \
  -prdata=COMRAM,nvrram=COMRAM,nvbit=COMRAM,rbss=COMRAM,rbit=COMRAM \
  -pfarbss=FARRAM,fardata=FARRAM,nvFARRAM=FARRAM \
  -pintsave_regs=BIGRAM,bigbss=BIGRAM,bigdata=BIGRAM -pbss=RAM \
  -pidata=CODE,irdata=CODE,ibigdata=CODE,ifardata=CODE -prparam=COMRAM \
  C:\Users\jhon_\AppData\Local\Temp\s694.o \
  dist/default/production\Calculadora.X.production.o 

Object code version is 3.11

Machine type is 18F4550

Call graph: (short form)




                Name                               Link     Load   Length Selector   Space Scale
C:\Users\jhon_\AppData\Local\Temp\s694.o
                init                                  0        0        4        0       0
                idloc                            200000   200000        8   200000       0
                config                           300000   300000        E   300000       0
dist/default/production\Calculadora.X.production.o
                smallconst                          800      800       1E      400       0
                text27                             276E     276E       4A      40F       0
                text26                             2722     2722       4C      40F       0
                text25                             295E     295E        8      40F       0
                text24                             291E     291E       30      40F       0
                text23                             26D6     26D6       4C      40F       0
                text22                             2624     2624       5E      40F       0
                text21                             2842     2842       40      40F       0
                text20                             14BE     14BE      39A      40F       0
                text19                             2556     2556       6A      40F       0
                text18                             28EC     28EC       32      40F       0
                text17                             1FA0     1FA0      13A      40F       0
                text16                              CDE      CDE      42A      40F       0
                text15                              81E      81E      4C0      40F       0
                text14                             27B8     27B8       46      40F       0
                text13                             21EE     21EE      106      40F       0
                text12                             1DEC     1DEC      1B4      40F       0
                text11                             24E2     24E2       74      40F       0
                text10                             25C0     25C0       64      40F       0
                text9                              22F4     22F4       C2      40F       0
                text8                              27FE     27FE       44      40F       0
                text7                              1B32     1B32      2BA      40F       0
                text6                              1858     1858      2DA      40F       0
                text5                              23B6     23B6       A4      40F       0
                text4                              245A     245A       88      40F       0
                text3                              20DA     20DA      114      40F       0
                text2                              2682     2682       54      40F       0
                text1                              2882     2882       38      40F       0
                text0                              1108     1108      3B6      40F       0
                cstackCOMRAM                          1        1       46        1       1
                cstackBANK0                          60       60       33       60       1
                dataCOMRAM                           47       47       10        1       1
                bssCOMRAM                            57       57        4        1       1
                cinit                              28BA     28BA       32      40F       0
                idataCOMRAM                        294E     294E       10      40F       0

TOTAL           Name                               Link     Load   Length     Space
        CLASS   STACK          

        CLASS   CODE           
                init                                  0        0        4         0
                text27                             276E     276E       4A         0
                text26                             2722     2722       4C         0
                text25                             295E     295E        8         0
                text24                             291E     291E       30         0
                text23                             26D6     26D6       4C         0
                text22                             2624     2624       5E         0
                text21                             2842     2842       40         0
                text20                             14BE     14BE      39A         0
                text19                             2556     2556       6A         0
                text18                             28EC     28EC       32         0
                text17                             1FA0     1FA0      13A         0
                text16                              CDE      CDE      42A         0
                text15                              81E      81E      4C0         0
                text14                             27B8     27B8       46         0
                text13                             21EE     21EE      106         0
                text12                             1DEC     1DEC      1B4         0
                text11                             24E2     24E2       74         0
                text10                             25C0     25C0       64         0
                text9                              22F4     22F4       C2         0
                text8                              27FE     27FE       44         0
                text7                              1B32     1B32      2BA         0
                text6                              1858     1858      2DA         0
                text5                              23B6     23B6       A4         0
                text4                              245A     245A       88         0
                text3                              20DA     20DA      114         0
                text2                              2682     2682       54         0
                text1                              2882     2882       38         0
                text0                              1108     1108      3B6         0
                cinit                              28BA     28BA       32         0
                idataCOMRAM                        294E     294E       10         0

        CLASS   CONST          

        CLASS   SMALLCONST     
                smallconst                          800      800       1E         0

        CLASS   MEDIUMCONST    

        CLASS   COMRAM         
                cstackCOMRAM                          1        1       46         1
                dataCOMRAM                           47       47       10         1
                bssCOMRAM                            57       57        4         1

        CLASS   ABS1           

        CLASS   BIGRAM         

        CLASS   RAM            

        CLASS   BANK0          
                cstackBANK0                          60       60       33         1

        CLASS   BANK1          

        CLASS   BANK2          

        CLASS   BANK3          

        CLASS   BANK4          

        CLASS   BANK5          

        CLASS   BANK6          

        CLASS   BANK7          

        CLASS   SFR            

        CLASS   FARRAM         

        CLASS   CONFIG         
                config                           300000   300000        E         0

        CLASS   IDLOC          
                idloc                            200000   200000        8         0

        CLASS   EEDATA         



SEGMENTS        Name                           Load    Length   Top    Selector   Space  Class

                reset_vec                      000000  000004  000004         0       0  CODE    
                cstackCOMRAM                   000001  00005A  00005B         1       1  COMRAM  
                cstackBANK0                    000060  000033  000093        60       1  BANK0   
                smallconst                     000800  00001E  00081E       400       0  SMALLCON
                text15                         00081E  002148  002966       40F       0  CODE    
                idloc                          200000  000008  200008    200000       0  IDLOC   
                config                         300000  00000E  30000E    300000       0  CONFIG  


UNUSED ADDRESS RANGES

        Name                Unused          Largest block    Delta
        BANK0            000093-0000FF               6D
        BANK1            000100-0001FF              100
        BANK2            000200-0002FF              100
        BANK3            000300-0003FF              100
        BANK4            000400-0004FF              100
        BANK5            000500-0005FF              100
        BANK6            000600-0006FF              100
        BANK7            000700-0007FF              100
        BIGRAM           00005B-00005F                5
                         000093-0007FF              76D
        CODE             000004-0007FF              7FC
                         002966-007FFF             569A
        COMRAM           00005B-00005F                5
        CONST            000004-0007FF              7FC
                         002966-007FFF             569A
        EEDATA           F00000-F000FF              100
        MEDIUMCONST      002966-007FFF             569A
        RAM              000093-0007FF              100
        SFR              000F60-000FFF               A0
        SMALLCONST       002966-007FFF              100
        STACK            000093-0007FF              76D

                                  Symbol Table

?___fladd                cstackCOMRAM 000001
?___fldiv                cstackCOMRAM 000019
?___flmul                cstackCOMRAM 000001
?___flsub                cstackCOMRAM 000019
?___fltol                cstackCOMRAM 000001
?___lldiv                cstackCOMRAM 000001
?___llmod                cstackCOMRAM 000001
?___lmul                 cstackCOMRAM 000001
?___lwdiv                cstackCOMRAM 000001
?___lwmod                cstackCOMRAM 000001
?___xxtofl               cstackCOMRAM 00000B
?_atol                   cstackCOMRAM 00000D
LCD_Char@dat             cstackCOMRAM 000008
LCD_Command@cmd          cstackCOMRAM 000008
LCD_String@msg           cstackCOMRAM 000009
LCD_String_xy@location   cstackCOMRAM 00000F
LCD_String_xy@msg        cstackCOMRAM 00000C
LCD_String_xy@pos        cstackCOMRAM 00000B
LCD_String_xy@row        cstackCOMRAM 00000E
MSdelay@i                cstackCOMRAM 000003
MSdelay@j                cstackCOMRAM 000005
MSdelay@val              cstackCOMRAM 000001
_LATB                    (abs)        000F8A
_LATD                    (abs)        000F8C
_LATD0                   (abs)        007C60
_LATD1                   (abs)        007C61
_LCD_Char                text23       0026D6
_LCD_Clear               text25       00295E
_LCD_Command             text26       002722
_LCD_Init                text24       00291E
_LCD_String              text22       002624
_LCD_String_xy           text21       002842
_MSdelay                 text27       00276E
_OSCCON                  (abs)        000FD3
_PORTB                   (abs)        000F81
_RBPU                    (abs)        007F8F
_TRISB                   (abs)        000F93
_TRISD                   (abs)        000F95
__CFG_BOR$ON             (abs)        000000
__CFG_BORV$3             (abs)        000000
__CFG_CCP2MX$ON          (abs)        000000
__CFG_CP0$OFF            (abs)        000000
__CFG_CP1$OFF            (abs)        000000
__CFG_CP2$OFF            (abs)        000000
__CFG_CP3$OFF            (abs)        000000
__CFG_CPB$OFF            (abs)        000000
__CFG_CPD$OFF            (abs)        000000
__CFG_CPUDIV$OSC1_PLL2   (abs)        000000
__CFG_EBTR0$OFF          (abs)        000000
__CFG_EBTR1$OFF          (abs)        000000
__CFG_EBTR2$OFF          (abs)        000000
__CFG_EBTR3$OFF          (abs)        000000
__CFG_EBTRB$OFF          (abs)        000000
__CFG_FCMEN$OFF          (abs)        000000
__CFG_FOSC$INTOSC_EC     (abs)        000000
__CFG_ICPRT$OFF          (abs)        000000
__CFG_IESO$OFF           (abs)        000000
__CFG_LPT1OSC$OFF        (abs)        000000
__CFG_LVP$OFF            (abs)        000000
__CFG_MCLRE$OFF          (abs)        000000
__CFG_PBADEN$OFF         (abs)        000000
__CFG_PLLDIV$1           (abs)        000000
__CFG_PWRT$OFF           (abs)        000000
__CFG_STVREN$ON          (abs)        000000
__CFG_USBDIV$1           (abs)        000000
__CFG_VREGEN$OFF         (abs)        000000
__CFG_WDT$OFF            (abs)        000000
__CFG_WDTPS$32768        (abs)        000000
__CFG_WRT0$OFF           (abs)        000000
__CFG_WRT1$OFF           (abs)        000000
__CFG_WRT2$OFF           (abs)        000000
__CFG_WRT3$OFF           (abs)        000000
__CFG_WRTB$OFF           (abs)        000000
__CFG_WRTC$OFF           (abs)        000000
__CFG_WRTD$OFF           (abs)        000000
__CFG_XINST$OFF          (abs)        000000
__HRAM                   (abs)        000000
__Habs1                  abs1         000000
__Hbank0                 bank0        000000
__Hbank1                 bank1        000000
__Hbank2                 bank2        000000
__Hbank3                 bank3        000000
__Hbank4                 bank4        000000
__Hbank5                 bank5        000000
__Hbank6                 bank6        000000
__Hbank7                 bank7        000000
__Hbigbss                bigbss       000000
__Hbigdata               bigdata      000000
__Hbigram                bigram       000000
__Hbss                   bss          000000
__HbssCOMRAM             bssCOMRAM    000000
__Hcinit                 cinit        000000
__Hclrtext               clrtext      000000
__Hcomram                comram       000000
__Hconfig                config       30000E
__Hconst                 const        000000
__HcstackBANK0           cstackBANK0  000000
__HcstackCOMRAM          cstackCOMRAM 000000
__Hdata                  data         000000
__HdataCOMRAM            dataCOMRAM   000000
__Heeprom_data           eeprom_data  000000
__Hfarbss                farbss       000000
__Hfardata               fardata      000000
__Hibigdata              ibigdata     000000
__Hidata                 idata        000000
__HidataCOMRAM           idataCOMRAM  000000
__Hidloc                 idloc        200008
__Hifardata              ifardata     000000
__Hinit                  init         000004
__Hintcode               intcode      000000
__Hintcode_body          intcode_body 000000
__Hintcodelo             intcodelo    000000
__Hintentry              intentry     000000
__Hintret                intret       000000
__Hintsave_regs          intsave_regs 000000
__Hirdata                irdata       000000
__Hmediumconst           mediumconst  000000
__HnvFARRAM              nvFARRAM     000000
__Hnvbit                 nvbit        000000
__Hnvrram                nvrram       000000
__Hparam                 rparam       000000
__Hpowerup               powerup      000000
__Hram                   ram          000000
__Hramtop                ramtop       000800
__Hrbit                  rbit         000000
__Hrbss                  rbss         000000
__Hrdata                 rdata        000000
__Hreset_vec             reset_vec    000000
__Hrparam                rparam       000000
__Hsfr                   sfr          000000
__Hsmallconst            smallconst   00081E
__Hspace_0               (abs)        30000E
__Hspace_1               (abs)        000093
__Hspace_2               (abs)        000000
__Hstack                 stack        000000
__Hstruct                struct       000000
__Htemp                  temp         000000
__Htext                  text         000000
__Htext0                 text0        000000
__Htext1                 text1        000000
__Htext10                text10       000000
__Htext11                text11       000000
__Htext12                text12       000000
__Htext13                text13       000000
__Htext14                text14       000000
__Htext15                text15       000000
__Htext16                text16       000000
__Htext17                text17       000000
__Htext18                text18       000000
__Htext19                text19       000000
__Htext2                 text2        000000
__Htext20                text20       000000
__Htext21                text21       000000
__Htext22                text22       000000
__Htext23                text23       000000
__Htext24                text24       000000
__Htext25                text25       000000
__Htext26                text26       000000
__Htext27                text27       000000
__Htext3                 text3        000000
__Htext4                 text4        000000
__Htext5                 text5        000000
__Htext6                 text6        000000
__Htext7                 text7        000000
__Htext8                 text8        000000
__Htext9                 text9        000000
__LRAM                   (abs)        000001
__Labs1                  abs1         000000
__Lbank0                 bank0        000000
__Lbank1                 bank1        000000
__Lbank2                 bank2        000000
__Lbank3                 bank3        000000
__Lbank4                 bank4        000000
__Lbank5                 bank5        000000
__Lbank6                 bank6        000000
__Lbank7                 bank7        000000
__Lbigbss                bigbss       000000
__Lbigdata               bigdata      000000
__Lbigram                bigram       000000
__Lbss                   bss          000000
__LbssCOMRAM             bssCOMRAM    000000
__Lcinit                 cinit        000000
__Lclrtext               clrtext      000000
__Lcomram                comram       000000
__Lconfig                config       300000
__Lconst                 const        000000
__LcstackBANK0           cstackBANK0  000000
__LcstackCOMRAM          cstackCOMRAM 000000
__Ldata                  data         000000
__LdataCOMRAM            dataCOMRAM   000000
__Leeprom_data           eeprom_data  000000
__Lfarbss                farbss       000000
__Lfardata               fardata      000000
__Libigdata              ibigdata     000000
__Lidata                 idata        000000
__LidataCOMRAM           idataCOMRAM  000000
__Lidloc                 idloc        200000
__Lifardata              ifardata     000000
__Linit                  init         000000
__Lintcode               intcode      000000
__Lintcode_body          intcode_body 000000
__Lintcodelo             intcodelo    000000
__Lintentry              intentry     000000
__Lintret                intret       000000
__Lintsave_regs          intsave_regs 000000
__Lirdata                irdata       000000
__Lmediumconst           mediumconst  000000
__LnvFARRAM              nvFARRAM     000000
__Lnvbit                 nvbit        000000
__Lnvrram                nvrram       000000
__Lparam                 rparam       000000
__Lpowerup               powerup      000000
__Lram                   ram          000000
__Lramtop                ramtop       000800
__Lrbit                  rbit         000000
__Lrbss                  rbss         000000
__Lrdata                 rdata        000000
__Lreset_vec             reset_vec    000000
__Lrparam                rparam       000000
__Lsfr                   sfr          000000
__Lsmallconst            smallconst   000800
__Lspace_0               (abs)        000000
__Lspace_1               (abs)        000000
__Lspace_2               (abs)        000000
__Lstack                 stack        000000
__Lstruct                struct       000000
__Ltemp                  temp         000000
__Ltext                  text         000000
__Ltext0                 text0        000000
__Ltext1                 text1        000000
__Ltext10                text10       000000
__Ltext11                text11       000000
__Ltext12                text12       000000
__Ltext13                text13       000000
__Ltext14                text14       000000
__Ltext15                text15       000000
__Ltext16                text16       000000
__Ltext17                text17       000000
__Ltext18                text18       000000
__Ltext19                text19       000000
__Ltext2                 text2        000000
__Ltext20                text20       000000
__Ltext21                text21       000000
__Ltext22                text22       000000
__Ltext23                text23       000000
__Ltext24                text24       000000
__Ltext25                text25       000000
__Ltext26                text26       000000
__Ltext27                text27       000000
__Ltext3                 text3        000000
__Ltext4                 text4        000000
__Ltext5                 text5        000000
__Ltext6                 text6        000000
__Ltext7                 text7        000000
__Ltext8                 text8        000000
__Ltext9                 text9        000000
__S0                     (abs)        30000E
__S1                     (abs)        000093
__S2                     (abs)        000000
___fladd                 text15       00081E
___fladd@a               cstackCOMRAM 000005
___fladd@aexp            cstackCOMRAM 00000E
___fladd@b               cstackCOMRAM 000001
___fladd@bexp            cstackCOMRAM 00000F
___fladd@grs             cstackCOMRAM 000010
___fladd@signs           cstackCOMRAM 00000D
___fldiv                 text20       0014BE
___fldiv@a               cstackCOMRAM 00001D
___fldiv@aexp            cstackCOMRAM 000031
___fldiv@b               cstackCOMRAM 000019
___fldiv@bexp            cstackCOMRAM 000030
___fldiv@grs             cstackCOMRAM 00002C
___fldiv@new_exp         cstackCOMRAM 00002A
___fldiv@rem             cstackCOMRAM 000025
___fldiv@sign            cstackCOMRAM 000029
___flmul                 text16       000CDE
___flmul@a               cstackCOMRAM 000005
___flmul@aexp            cstackCOMRAM 000012
___flmul@b               cstackCOMRAM 000001
___flmul@bexp            cstackCOMRAM 000013
___flmul@grs             cstackCOMRAM 00000E
___flmul@prod            cstackCOMRAM 000014
___flmul@sign            cstackCOMRAM 00000D
___flmul@temp            cstackCOMRAM 000018
___flsub                 text14       0027B8
___flsub@a               cstackCOMRAM 00001D
___flsub@b               cstackCOMRAM 000019
___fltol                 text13       0021EE
___fltol@exp1            cstackCOMRAM 00000A
___fltol@f1              cstackCOMRAM 000001
___fltol@sign1           cstackCOMRAM 000009
___inthi_sp              stack        000000
___intlo_sp              stack        000000
___lldiv                 text5        0023B6
___lldiv@counter         cstackCOMRAM 00000D
___lldiv@dividend        cstackCOMRAM 000001
___lldiv@divisor         cstackCOMRAM 000005
___lldiv@quotient        cstackCOMRAM 000009
___llmod                 text4        00245A
___llmod@counter         cstackCOMRAM 000009
___llmod@dividend        cstackCOMRAM 000001
___llmod@divisor         cstackCOMRAM 000005
___lmul                  text19       002556
___lmul@multiplicand     cstackCOMRAM 000005
___lmul@multiplier       cstackCOMRAM 000001
___lmul@product          cstackCOMRAM 000009
___lwdiv                 text11       0024E2
___lwdiv@counter         cstackCOMRAM 000007
___lwdiv@dividend        cstackCOMRAM 000001
___lwdiv@divisor         cstackCOMRAM 000003
___lwdiv@quotient        cstackCOMRAM 000005
___lwmod                 text10       0025C0
___lwmod@counter         cstackCOMRAM 000005
___lwmod@dividend        cstackCOMRAM 000001
___lwmod@divisor         cstackCOMRAM 000003
___param_bank            (abs)        000000
___rparam_used           (abs)        000001
___sp                    stack        000000
___xxtofl                text12       001DEC
___xxtofl@arg            cstackCOMRAM 000015
___xxtofl@exp            cstackCOMRAM 000014
___xxtofl@sign           cstackCOMRAM 000013
___xxtofl@val            cstackCOMRAM 00000B
__accesstop              (abs)        000060
__activetblptr           (abs)        000002
__end_of_LCD_Char        text23       002722
__end_of_LCD_Clear       text25       002966
__end_of_LCD_Command     text26       00276E
__end_of_LCD_Init        text24       00294E
__end_of_LCD_String      text22       002682
__end_of_LCD_String_xy   text21       002882
__end_of_MSdelay         text27       0027B8
__end_of___fladd         text15       000CDE
__end_of___fldiv         text20       001858
__end_of___flmul         text16       001108
__end_of___flsub         text14       0027FE
__end_of___fltol         text13       0022F4
__end_of___lldiv         text5        00245A
__end_of___llmod         text4        0024E2
__end_of___lmul          text19       0025C0
__end_of___lwdiv         text11       002556
__end_of___lwmod         text10       002624
__end_of___xxtofl        text12       001FA0
__end_of__initialization cinit        0028E2
__end_of_atol            text17       0020DA
__end_of_display_float   text7        001DEC
__end_of_isdigit         text18       00291E
__end_of_itoa            text8        002842
__end_of_keyfind         text6        001B32
__end_of_ltoa            text2        0026D6
__end_of_main            text0        0014BE
__end_of_memset          text1        0028BA
__end_of_ultoa           text3        0021EE
__end_of_utoa            text9        0023B6
__initialization         cinit        0028BA
__mediumconst            mediumconst  000000
__pbssCOMRAM             bssCOMRAM    000057
__pcinit                 cinit        0028BA
__pcstackBANK0           cstackBANK0  000060
__pcstackCOMRAM          cstackCOMRAM 000001
__pdataCOMRAM            dataCOMRAM   000047
__pidataCOMRAM           idataCOMRAM  00294E
__psmallconst            smallconst   000800
__ptext0                 text0        001108
__ptext1                 text1        002882
__ptext10                text10       0025C0
__ptext11                text11       0024E2
__ptext12                text12       001DEC
__ptext13                text13       0021EE
__ptext14                text14       0027B8
__ptext15                text15       00081E
__ptext16                text16       000CDE
__ptext17                text17       001FA0
__ptext18                text18       0028EC
__ptext19                text19       002556
__ptext2                 text2        002682
__ptext20                text20       0014BE
__ptext21                text21       002842
__ptext22                text22       002624
__ptext23                text23       0026D6
__ptext24                text24       00291E
__ptext25                text25       00295E
__ptext26                text26       002722
__ptext27                text27       00276E
__ptext3                 text3        0020DA
__ptext4                 text4        00245A
__ptext5                 text5        0023B6
__ptext6                 text6        001858
__ptext7                 text7        001B32
__ptext8                 text8        0027FE
__ptext9                 text9        0022F4
__ramtop                 ramtop       000800
__size_of_LCD_Char       (abs)        000000
__size_of_LCD_Clear      (abs)        000000
__size_of_LCD_Command    (abs)        000000
__size_of_LCD_Init       (abs)        000000
__size_of_LCD_String     (abs)        000000
__size_of_LCD_String_xy  (abs)        000000
__size_of_MSdelay        (abs)        000000
__size_of___fladd        (abs)        000000
__size_of___fldiv        (abs)        000000
__size_of___flmul        (abs)        000000
__size_of___flsub        (abs)        000000
__size_of___fltol        (abs)        000000
__size_of___lldiv        (abs)        000000
__size_of___llmod        (abs)        000000
__size_of___lmul         (abs)        000000
__size_of___lwdiv        (abs)        000000
__size_of___lwmod        (abs)        000000
__size_of___xxtofl       (abs)        000000
__size_of_atol           (abs)        000000
__size_of_display_float  (abs)        000000
__size_of_isdigit        (abs)        000000
__size_of_itoa           (abs)        000000
__size_of_keyfind        (abs)        000000
__size_of_ltoa           (abs)        000000
__size_of_main           (abs)        000000
__size_of_memset         (abs)        000000
__size_of_ultoa          (abs)        000000
__size_of_utoa           (abs)        000000
__smallconst             smallconst   000800
_atol                    text17       001FA0
_col_loc                 bssCOMRAM    00005A
_display_float           text7        001B32
_isdigit                 text18       0028EC
_isdigit$611             cstackCOMRAM 000002
_itoa                    text8        0027FE
_keyfind                 text6        001858
_keypad                  dataCOMRAM   000047
_lim                     bssCOMRAM    000057
_ltoa                    text2        002682
_main                    text0        001108
_memset                  text1        002882
_rowloc                  bssCOMRAM    000059
_temp_col                bssCOMRAM    000058
_ultoa                   text3        0020DA
_utoa                    text9        0022F4
atol@a                   cstackCOMRAM 000016
atol@c                   cstackCOMRAM 00001A
atol@s                   cstackCOMRAM 00000D
atol@sign                cstackCOMRAM 000015
display_float@div_result cstackCOMRAM 000021
display_float@output     cstackCOMRAM 000025
display_float@output1    cstackCOMRAM 000034
display_float@temp       cstackCOMRAM 000043
end_of_initialization    cinit        0028E2
intlevel0                text         000000
intlevel1                text         000000
intlevel2                text         000000
intlevel3                text         000000
isdigit@c                cstackCOMRAM 000003
itoa@base                cstackCOMRAM 000015
itoa@buf                 cstackCOMRAM 000011
itoa@val                 cstackCOMRAM 000013
ltoa@base                cstackCOMRAM 000021
ltoa@buf                 cstackCOMRAM 00001B
ltoa@val                 cstackCOMRAM 00001D
main@div_result          cstackBANK0  00007E
main@flag                cstackBANK0  000083
main@index               cstackBANK0  000084
main@key_pressed         cstackBANK0  000092
main@number1             cstackBANK0  00008A
main@number2             cstackBANK0  00008E
main@op1                 cstackBANK0  000060
main@op2                 cstackBANK0  00006A
main@operator            cstackBANK0  000082
main@result              cstackBANK0  000086
main@result_output       cstackBANK0  000074
memset@c                 cstackCOMRAM 000003
memset@n                 cstackCOMRAM 000005
memset@p                 cstackCOMRAM 000007
memset@p1                cstackCOMRAM 000001
stackhi                  (abs)        0007FF
stacklo                  (abs)        000093
start                    init         000000
start_initialization     cinit        0028BA
ultoa@base               cstackCOMRAM 000014
ultoa@buf                cstackCOMRAM 00000E
ultoa@c                  cstackCOMRAM 00001A
ultoa@v                  cstackCOMRAM 000016
ultoa@val                cstackCOMRAM 000010
utoa@base                cstackCOMRAM 00000C
utoa@buf                 cstackCOMRAM 000008
utoa@c                   cstackCOMRAM 000010
utoa@v                   cstackCOMRAM 00000E
utoa@val                 cstackCOMRAM 00000A


FUNCTION INFORMATION:

 *************** function _main *****************
 Defined at:
		line 11 in file "Calculadora.c"
 Parameters:    Size  Location     Type
		None
 Auto vars:     Size  Location     Type
  result_outpu   10   20[BANK0 ] unsigned char [10]
  op2            10   10[BANK0 ] unsigned char [10]
  op1            10    0[BANK0 ] unsigned char [10]
  number2         4   46[BANK0 ] unsigned long 
  number1         4   42[BANK0 ] unsigned long 
  result          4   38[BANK0 ] unsigned long 
  div_result      4   30[BANK0 ] unsigned long 
  index           2   36[BANK0 ] unsigned int 
  key_pressed     1   50[BANK0 ] unsigned char 
  flag            1   35[BANK0 ] unsigned char 
  operator        1   34[BANK0 ] unsigned char 
 Return value:  Size  Location     Type
                  2   42[None  ] int 
 Registers used:
		wreg, fsr2l, fsr2h, status,2, status,0, tblptrl, tblptrh, tblptru, prodl, prodh, cstack
 Tracked objects:
		On entry : 
		On exit  : 
		Unchanged: 
 Data sizes:     COMRAM   BANK0   BANK1   BANK2   BANK3   BANK4   BANK5   BANK6   BANK7
      Params:         0       0       0       0       0       0       0       0       0
      Locals:         0      51       0       0       0       0       0       0       0
      Temps:          0       0       0       0       0       0       0       0       0
      Totals:         0      51       0       0       0       0       0       0       0
Total ram usage:       51 bytes
 Hardware stack levels required when called:    4
 This function calls:
		_LCD_Clear
		_LCD_Command
		_LCD_Init
		_LCD_String
		_LCD_String_xy
		_MSdelay
		___fldiv
		___lmul
		___xxtofl
		_atol
		_display_float
		_keyfind
		_ltoa
		_memset
 This function is called by:
		Startup code after reset
 This function uses a non-reentrant model


 *************** function _memset *****************
 Defined at:
		line 8 in file "C:\Program Files (x86)\Microchip\xc8\v2.10\pic\sources\c90\common\memset.c"
 Parameters:    Size  Location     Type
  p1              2    0[COMRAM] PTR void 
		 -> main@result_output(10), main@op2(10), main@op1(10), 
  c               2    2[COMRAM] int 
  n               2    4[COMRAM] unsigned int 
 Auto vars:     Size  Location     Type
  p               2    6[COMRAM] PTR unsigned char 
		 -> main@result_output(10), main@op2(10), main@op1(10), 
 Return value:  Size  Location     Type
                  2    0[COMRAM] PTR void 
 Registers used:
		wreg, fsr2l, fsr2h, status,2, status,0
 Tracked objects:
		On entry : 
		On exit  : 
		Unchanged: 
 Data sizes:     COMRAM   BANK0   BANK1   BANK2   BANK3   BANK4   BANK5   BANK6   BANK7
      Params:         6       0       0       0       0       0       0       0       0
      Locals:         2       0       0       0       0       0       0       0       0
      Temps:          0       0       0       0       0       0       0       0       0
      Totals:         8       0       0       0       0       0       0       0       0
Total ram usage:        8 bytes
 Hardware stack levels used:    1
 This function calls:
		Nothing
 This function is called by:
		_main
 This function uses a non-reentrant model


 *************** function _ltoa *****************
 Defined at:
		line 7 in file "C:\Program Files (x86)\Microchip\xc8\v2.10\pic\sources\c90\common\ltoa.c"
 Parameters:    Size  Location     Type
  buf             2   26[COMRAM] PTR unsigned char 
		 -> main@result_output(10), 
  val             4   28[COMRAM] long 
  base            2   32[COMRAM] int 
 Auto vars:     Size  Location     Type
  cp              2    0        PTR unsigned char 
		 -> main@result_output(10), 
 Return value:  Size  Location     Type
                  2   26[COMRAM] PTR unsigned char 
 Registers used:
		wreg, fsr2l, fsr2h, status,2, status,0, cstack
 Tracked objects:
		On entry : 
		On exit  : 
		Unchanged: 
 Data sizes:     COMRAM   BANK0   BANK1   BANK2   BANK3   BANK4   BANK5   BANK6   BANK7
      Params:         8       0       0       0       0       0       0       0       0
      Locals:         2       0       0       0       0       0       0       0       0
      Temps:          0       0       0       0       0       0       0       0       0
      Totals:        10       0       0       0       0       0       0       0       0
Total ram usage:       10 bytes
 Hardware stack levels used:    1
 Hardware stack levels required when called:    2
 This function calls:
		_ultoa
 This function is called by:
		_main
 This function uses a non-reentrant model


 *************** function _ultoa *****************
 Defined at:
		line 32 in file "C:\Program Files (x86)\Microchip\xc8\v2.10\pic\sources\c90\common\ltoa.c"
 Parameters:    Size  Location     Type
  buf             2   13[COMRAM] PTR unsigned char 
		 -> main@result_output(10), 
  val             4   15[COMRAM] unsigned long 
  base            2   19[COMRAM] int 
 Auto vars:     Size  Location     Type
  v               4   21[COMRAM] unsigned long 
  c               1   25[COMRAM] unsigned char 
 Return value:  Size  Location     Type
                  2   13[COMRAM] PTR unsigned char 
 Registers used:
		wreg, fsr2l, fsr2h, status,2, status,0, cstack
 Tracked objects:
		On entry : 
		On exit  : 
		Unchanged: 
 Data sizes:     COMRAM   BANK0   BANK1   BANK2   BANK3   BANK4   BANK5   BANK6   BANK7
      Params:         8       0       0       0       0       0       0       0       0
      Locals:         5       0       0       0       0       0       0       0       0
      Temps:          0       0       0       0       0       0       0       0       0
      Totals:        13       0       0       0       0       0       0       0       0
Total ram usage:       13 bytes
 Hardware stack levels used:    1
 Hardware stack levels required when called:    1
 This function calls:
		___lldiv
		___llmod
 This function is called by:
		_ltoa
 This function uses a non-reentrant model


 *************** function ___llmod *****************
 Defined at:
		line 7 in file "C:\Program Files (x86)\Microchip\xc8\v2.10\pic\sources\c90\common\llmod.c"
 Parameters:    Size  Location     Type
  dividend        4    0[COMRAM] unsigned long 
  divisor         4    4[COMRAM] unsigned long 
 Auto vars:     Size  Location     Type
  counter         1    8[COMRAM] unsigned char 
 Return value:  Size  Location     Type
                  4    0[COMRAM] unsigned long 
 Registers used:
		wreg, status,2, status,0
 Tracked objects:
		On entry : 
		On exit  : 
		Unchanged: 
 Data sizes:     COMRAM   BANK0   BANK1   BANK2   BANK3   BANK4   BANK5   BANK6   BANK7
      Params:         8       0       0       0       0       0       0       0       0
      Locals:         1       0       0       0       0       0       0       0       0
      Temps:          0       0       0       0       0       0       0       0       0
      Totals:         9       0       0       0       0       0       0       0       0
Total ram usage:        9 bytes
 Hardware stack levels used:    1
 This function calls:
		Nothing
 This function is called by:
		_ultoa
 This function uses a non-reentrant model


 *************** function ___lldiv *****************
 Defined at:
		line 7 in file "C:\Program Files (x86)\Microchip\xc8\v2.10\pic\sources\c90\common\__lldiv.c"
 Parameters:    Size  Location     Type
  dividend        4    0[COMRAM] unsigned long 
  divisor         4    4[COMRAM] unsigned long 
 Auto vars:     Size  Location     Type
  quotient        4    8[COMRAM] unsigned long 
  counter         1   12[COMRAM] unsigned char 
 Return value:  Size  Location     Type
                  4    0[COMRAM] unsigned long 
 Registers used:
		wreg, status,2, status,0
 Tracked objects:
		On entry : 
		On exit  : 
		Unchanged: 
 Data sizes:     COMRAM   BANK0   BANK1   BANK2   BANK3   BANK4   BANK5   BANK6   BANK7
      Params:         8       0       0       0       0       0       0       0       0
      Locals:         5       0       0       0       0       0       0       0       0
      Temps:          0       0       0       0       0       0       0       0       0
      Totals:        13       0       0       0       0       0       0       0       0
Total ram usage:       13 bytes
 Hardware stack levels used:    1
 This function calls:
		Nothing
 This function is called by:
		_ultoa
 This function uses a non-reentrant model


 *************** function _keyfind *****************
 Defined at:
		line 4 in file "teclado.c"
 Parameters:    Size  Location     Type
		None
 Auto vars:     Size  Location     Type
		None
 Return value:  Size  Location     Type
                  1    wreg      unsigned char 
 Registers used:
		wreg, fsr2l, fsr2h, status,2, status,0, prodl, prodh, cstack
 Tracked objects:
		On entry : 
		On exit  : 
		Unchanged: 
 Data sizes:     COMRAM   BANK0   BANK1   BANK2   BANK3   BANK4   BANK5   BANK6   BANK7
      Params:         0       0       0       0       0       0       0       0       0
      Locals:         0       0       0       0       0       0       0       0       0
      Temps:          0       0       0       0       0       0       0       0       0
      Totals:         0       0       0       0       0       0       0       0       0
Total ram usage:        0 bytes
 Hardware stack levels used:    1
 Hardware stack levels required when called:    2
 This function calls:
		_LCD_Char
		_MSdelay
 This function is called by:
		_main
 This function uses a non-reentrant model


 *************** function _display_float *****************
 Defined at:
		line 146 in file "Calculadora.c"
 Parameters:    Size  Location     Type
  div_result      4   32[COMRAM] unsigned char 
 Auto vars:     Size  Location     Type
  output1        15   51[COMRAM] unsigned char [15]
  output         15   36[COMRAM] unsigned char [15]
  temp            4   66[COMRAM] float 
 Return value:  Size  Location     Type
                  1    wreg      void 
 Registers used:
		wreg, fsr2l, fsr2h, status,2, status,0, tblptrl, tblptrh, tblptru, prodl, prodh, cstack
 Tracked objects:
		On entry : 
		On exit  : 
		Unchanged: 
 Data sizes:     COMRAM   BANK0   BANK1   BANK2   BANK3   BANK4   BANK5   BANK6   BANK7
      Params:         4       0       0       0       0       0       0       0       0
      Locals:        34       0       0       0       0       0       0       0       0
      Temps:          0       0       0       0       0       0       0       0       0
      Totals:        38       0       0       0       0       0       0       0       0
Total ram usage:       38 bytes
 Hardware stack levels used:    1
 Hardware stack levels required when called:    3
 This function calls:
		_LCD_String
		___flmul
		___flsub
		___fltol
		___xxtofl
		_itoa
 This function is called by:
		_main
 This function uses a non-reentrant model


 *************** function _itoa *****************
 Defined at:
		line 4 in file "C:\Program Files (x86)\Microchip\xc8\v2.10\pic\sources\c90\common\itoa.c"
 Parameters:    Size  Location     Type
  buf             2   16[COMRAM] PTR unsigned char 
		 -> display_float@output1(15), display_float@output(15), 
  val             2   18[COMRAM] int 
  base            2   20[COMRAM] int 
 Auto vars:     Size  Location     Type
  cp              2    0        PTR unsigned char 
		 -> display_float@output1(15), display_float@output(15), 
 Return value:  Size  Location     Type
                  2   16[COMRAM] PTR unsigned char 
 Registers used:
		wreg, fsr2l, fsr2h, status,2, status,0, cstack
 Tracked objects:
		On entry : 
		On exit  : 
		Unchanged: 
 Data sizes:     COMRAM   BANK0   BANK1   BANK2   BANK3   BANK4   BANK5   BANK6   BANK7
      Params:         6       0       0       0       0       0       0       0       0
      Locals:         2       0       0       0       0       0       0       0       0
      Temps:          0       0       0       0       0       0       0       0       0
      Totals:         8       0       0       0       0       0       0       0       0
Total ram usage:        8 bytes
 Hardware stack levels used:    1
 Hardware stack levels required when called:    2
 This function calls:
		_utoa
 This function is called by:
		_display_float
 This function uses a non-reentrant model


 *************** function _utoa *****************
 Defined at:
		line 17 in file "C:\Program Files (x86)\Microchip\xc8\v2.10\pic\sources\c90\common\itoa.c"
 Parameters:    Size  Location     Type
  buf             2    7[COMRAM] PTR unsigned char 
		 -> display_float@output1(15), display_float@output(15), 
  val             2    9[COMRAM] unsigned int 
  base            2   11[COMRAM] int 
 Auto vars:     Size  Location     Type
  v               2   13[COMRAM] unsigned int 
  c               1   15[COMRAM] unsigned char 
 Return value:  Size  Location     Type
                  2    7[COMRAM] PTR unsigned char 
 Registers used:
		wreg, fsr2l, fsr2h, status,2, status,0, cstack
 Tracked objects:
		On entry : 
		On exit  : 
		Unchanged: 
 Data sizes:     COMRAM   BANK0   BANK1   BANK2   BANK3   BANK4   BANK5   BANK6   BANK7
      Params:         6       0       0       0       0       0       0       0       0
      Locals:         3       0       0       0       0       0       0       0       0
      Temps:          0       0       0       0       0       0       0       0       0
      Totals:         9       0       0       0       0       0       0       0       0
Total ram usage:        9 bytes
 Hardware stack levels used:    1
 Hardware stack levels required when called:    1
 This function calls:
		___lwdiv
		___lwmod
 This function is called by:
		_itoa
 This function uses a non-reentrant model


 *************** function ___lwmod *****************
 Defined at:
		line 7 in file "C:\Program Files (x86)\Microchip\xc8\v2.10\pic\sources\c90\common\lwmod.c"
 Parameters:    Size  Location     Type
  dividend        2    0[COMRAM] unsigned int 
  divisor         2    2[COMRAM] unsigned int 
 Auto vars:     Size  Location     Type
  counter         1    4[COMRAM] unsigned char 
 Return value:  Size  Location     Type
                  2    0[COMRAM] unsigned int 
 Registers used:
		wreg, status,2, status,0
 Tracked objects:
		On entry : 
		On exit  : 
		Unchanged: 
 Data sizes:     COMRAM   BANK0   BANK1   BANK2   BANK3   BANK4   BANK5   BANK6   BANK7
      Params:         4       0       0       0       0       0       0       0       0
      Locals:         1       0       0       0       0       0       0       0       0
      Temps:          0       0       0       0       0       0       0       0       0
      Totals:         5       0       0       0       0       0       0       0       0
Total ram usage:        5 bytes
 Hardware stack levels used:    1
 This function calls:
		Nothing
 This function is called by:
		_utoa
 This function uses a non-reentrant model


 *************** function ___lwdiv *****************
 Defined at:
		line 7 in file "C:\Program Files (x86)\Microchip\xc8\v2.10\pic\sources\c90\common\lwdiv.c"
 Parameters:    Size  Location     Type
  dividend        2    0[COMRAM] unsigned int 
  divisor         2    2[COMRAM] unsigned int 
 Auto vars:     Size  Location     Type
  quotient        2    4[COMRAM] unsigned int 
  counter         1    6[COMRAM] unsigned char 
 Return value:  Size  Location     Type
                  2    0[COMRAM] unsigned int 
 Registers used:
		wreg, status,2, status,0
 Tracked objects:
		On entry : 
		On exit  : 
		Unchanged: 
 Data sizes:     COMRAM   BANK0   BANK1   BANK2   BANK3   BANK4   BANK5   BANK6   BANK7
      Params:         4       0       0       0       0       0       0       0       0
      Locals:         3       0       0       0       0       0       0       0       0
      Temps:          0       0       0       0       0       0       0       0       0
      Totals:         7       0       0       0       0       0       0       0       0
Total ram usage:        7 bytes
 Hardware stack levels used:    1
 This function calls:
		Nothing
 This function is called by:
		_utoa
 This function uses a non-reentrant model


 *************** function ___xxtofl *****************
 Defined at:
		line 10 in file "C:\Program Files (x86)\Microchip\xc8\v2.10\pic\sources\c90\common\xxtofl.c"
 Parameters:    Size  Location     Type
  sign            1    wreg     unsigned char 
  val             4   10[COMRAM] long 
 Auto vars:     Size  Location     Type
  sign            1   18[COMRAM] unsigned char 
  arg             4   20[COMRAM] unsigned long 
  exp             1   19[COMRAM] unsigned char 
 Return value:  Size  Location     Type
                  4   10[COMRAM] unsigned char 
 Registers used:
		wreg, status,2, status,0
 Tracked objects:
		On entry : 
		On exit  : 
		Unchanged: 
 Data sizes:     COMRAM   BANK0   BANK1   BANK2   BANK3   BANK4   BANK5   BANK6   BANK7
      Params:         4       0       0       0       0       0       0       0       0
      Locals:         6       0       0       0       0       0       0       0       0
      Temps:          4       0       0       0       0       0       0       0       0
      Totals:        14       0       0       0       0       0       0       0       0
Total ram usage:       14 bytes
 Hardware stack levels used:    1
 This function calls:
		Nothing
 This function is called by:
		_main
		_display_float
 This function uses a non-reentrant model


 *************** function ___fltol *****************
 Defined at:
		line 43 in file "C:\Program Files (x86)\Microchip\xc8\v2.10\pic\sources\c90\common\fltol.c"
 Parameters:    Size  Location     Type
  f1              4    0[COMRAM] unsigned char 
 Auto vars:     Size  Location     Type
  exp1            1    9[COMRAM] unsigned char 
  sign1           1    8[COMRAM] unsigned char 
 Return value:  Size  Location     Type
                  4    0[COMRAM] long 
 Registers used:
		wreg, status,2, status,0
 Tracked objects:
		On entry : 
		On exit  : 
		Unchanged: 
 Data sizes:     COMRAM   BANK0   BANK1   BANK2   BANK3   BANK4   BANK5   BANK6   BANK7
      Params:         4       0       0       0       0       0       0       0       0
      Locals:         2       0       0       0       0       0       0       0       0
      Temps:          4       0       0       0       0       0       0       0       0
      Totals:        10       0       0       0       0       0       0       0       0
Total ram usage:       10 bytes
 Hardware stack levels used:    1
 This function calls:
		Nothing
 This function is called by:
		_display_float
 This function uses a non-reentrant model


 *************** function ___flsub *****************
 Defined at:
		line 245 in file "C:\Program Files (x86)\Microchip\xc8\v2.10\pic\sources\c90\common\sprcadd.c"
 Parameters:    Size  Location     Type
  b               4   24[COMRAM] long 
  a               4   28[COMRAM] long 
 Auto vars:     Size  Location     Type
		None
 Return value:  Size  Location     Type
                  4   24[COMRAM] long 
 Registers used:
		wreg, status,2, status,0, cstack
 Tracked objects:
		On entry : 
		On exit  : 
		Unchanged: 
 Data sizes:     COMRAM   BANK0   BANK1   BANK2   BANK3   BANK4   BANK5   BANK6   BANK7
      Params:         8       0       0       0       0       0       0       0       0
      Locals:         0       0       0       0       0       0       0       0       0
      Temps:          0       0       0       0       0       0       0       0       0
      Totals:         8       0       0       0       0       0       0       0       0
Total ram usage:        8 bytes
 Hardware stack levels used:    1
 Hardware stack levels required when called:    1
 This function calls:
		___fladd
 This function is called by:
		_display_float
 This function uses a non-reentrant model


 *************** function ___fladd *****************
 Defined at:
		line 10 in file "C:\Program Files (x86)\Microchip\xc8\v2.10\pic\sources\c90\common\sprcadd.c"
 Parameters:    Size  Location     Type
  b               4    0[COMRAM] long 
  a               4    4[COMRAM] long 
 Auto vars:     Size  Location     Type
  grs             1   15[COMRAM] unsigned char 
  bexp            1   14[COMRAM] unsigned char 
  aexp            1   13[COMRAM] unsigned char 
  signs           1   12[COMRAM] unsigned char 
 Return value:  Size  Location     Type
                  4    0[COMRAM] unsigned char 
 Registers used:
		wreg, status,2, status,0
 Tracked objects:
		On entry : 
		On exit  : 
		Unchanged: 
 Data sizes:     COMRAM   BANK0   BANK1   BANK2   BANK3   BANK4   BANK5   BANK6   BANK7
      Params:         8       0       0       0       0       0       0       0       0
      Locals:         4       0       0       0       0       0       0       0       0
      Temps:          4       0       0       0       0       0       0       0       0
      Totals:        16       0       0       0       0       0       0       0       0
Total ram usage:       16 bytes
 Hardware stack levels used:    1
 This function calls:
		Nothing
 This function is called by:
		___flsub
 This function uses a non-reentrant model


 *************** function ___flmul *****************
 Defined at:
		line 8 in file "C:\Program Files (x86)\Microchip\xc8\v2.10\pic\sources\c90\common\sprcmul.c"
 Parameters:    Size  Location     Type
  b               4    0[COMRAM] unsigned char 
  a               4    4[COMRAM] unsigned char 
 Auto vars:     Size  Location     Type
  prod            4   19[COMRAM] struct .
  grs             4   13[COMRAM] unsigned long 
  temp            2   23[COMRAM] struct .
  bexp            1   18[COMRAM] unsigned char 
  aexp            1   17[COMRAM] unsigned char 
  sign            1   12[COMRAM] unsigned char 
 Return value:  Size  Location     Type
                  4    0[COMRAM] unsigned char 
 Registers used:
		wreg, status,2, status,0, prodl, prodh
 Tracked objects:
		On entry : 
		On exit  : 
		Unchanged: 
 Data sizes:     COMRAM   BANK0   BANK1   BANK2   BANK3   BANK4   BANK5   BANK6   BANK7
      Params:         8       0       0       0       0       0       0       0       0
      Locals:        13       0       0       0       0       0       0       0       0
      Temps:          4       0       0       0       0       0       0       0       0
      Totals:        25       0       0       0       0       0       0       0       0
Total ram usage:       25 bytes
 Hardware stack levels used:    1
 This function calls:
		Nothing
 This function is called by:
		_display_float
 This function uses a non-reentrant model


 *************** function _atol *****************
 Defined at:
		line 5 in file "C:\Program Files (x86)\Microchip\xc8\v2.10\pic\sources\c90\common\atol.c"
 Parameters:    Size  Location     Type
  s               2   12[COMRAM] PTR const unsigned char 
		 -> main@op2(10), main@op1(10), 
 Auto vars:     Size  Location     Type
  a               4   21[COMRAM] long 
  c               1   25[COMRAM] unsigned char 
  sign            1   20[COMRAM] unsigned char 
 Return value:  Size  Location     Type
                  4   12[COMRAM] long 
 Registers used:
		wreg, fsr2l, fsr2h, status,2, status,0, cstack
 Tracked objects:
		On entry : 
		On exit  : 
		Unchanged: 
 Data sizes:     COMRAM   BANK0   BANK1   BANK2   BANK3   BANK4   BANK5   BANK6   BANK7
      Params:         4       0       0       0       0       0       0       0       0
      Locals:         6       0       0       0       0       0       0       0       0
      Temps:          4       0       0       0       0       0       0       0       0
      Totals:        14       0       0       0       0       0       0       0       0
Total ram usage:       14 bytes
 Hardware stack levels used:    1
 Hardware stack levels required when called:    1
 This function calls:
		___lmul
		_isdigit
 This function is called by:
		_main
 This function uses a non-reentrant model


 *************** function _isdigit *****************
 Defined at:
		line 8 in file "C:\Program Files (x86)\Microchip\xc8\v2.10\pic\sources\c90\common\isdigit.c"
 Parameters:    Size  Location     Type
  c               1    wreg     unsigned char 
 Auto vars:     Size  Location     Type
  c               1    2[COMRAM] unsigned char 
 Return value:  Size  Location     Type
		None               void
 Registers used:
		wreg, status,2, status,0
 Tracked objects:
		On entry : 
		On exit  : 
		Unchanged: 
 Data sizes:     COMRAM   BANK0   BANK1   BANK2   BANK3   BANK4   BANK5   BANK6   BANK7
      Params:         0       0       0       0       0       0       0       0       0
      Locals:         2       0       0       0       0       0       0       0       0
      Temps:          1       0       0       0       0       0       0       0       0
      Totals:         3       0       0       0       0       0       0       0       0
Total ram usage:        3 bytes
 Hardware stack levels used:    1
 This function calls:
		Nothing
 This function is called by:
		_atol
 This function uses a non-reentrant model


 *************** function ___lmul *****************
 Defined at:
		line 15 in file "C:\Program Files (x86)\Microchip\xc8\v2.10\pic\sources\c90\common\Umul32.c"
 Parameters:    Size  Location     Type
  multiplier      4    0[COMRAM] unsigned long 
  multiplicand    4    4[COMRAM] unsigned long 
 Auto vars:     Size  Location     Type
  product         4    8[COMRAM] unsigned long 
 Return value:  Size  Location     Type
                  4    0[COMRAM] unsigned long 
 Registers used:
		wreg, status,2, status,0
 Tracked objects:
		On entry : 
		On exit  : 
		Unchanged: 
 Data sizes:     COMRAM   BANK0   BANK1   BANK2   BANK3   BANK4   BANK5   BANK6   BANK7
      Params:         8       0       0       0       0       0       0       0       0
      Locals:         4       0       0       0       0       0       0       0       0
      Temps:          0       0       0       0       0       0       0       0       0
      Totals:        12       0       0       0       0       0       0       0       0
Total ram usage:       12 bytes
 Hardware stack levels used:    1
 This function calls:
		Nothing
 This function is called by:
		_main
		_atol
 This function uses a non-reentrant model


 *************** function ___fldiv *****************
 Defined at:
		line 11 in file "C:\Program Files (x86)\Microchip\xc8\v2.10\pic\sources\c90\common\sprcdiv.c"
 Parameters:    Size  Location     Type
  b               4   24[COMRAM] unsigned long 
  a               4   28[COMRAM] unsigned long 
 Auto vars:     Size  Location     Type
  grs             4   43[COMRAM] unsigned long 
  rem             4   36[COMRAM] unsigned long 
  new_exp         2   41[COMRAM] int 
  aexp            1   48[COMRAM] unsigned char 
  bexp            1   47[COMRAM] unsigned char 
  sign            1   40[COMRAM] unsigned char 
 Return value:  Size  Location     Type
                  4   24[COMRAM] unsigned char 
 Registers used:
		wreg, status,2, status,0
 Tracked objects:
		On entry : 
		On exit  : 
		Unchanged: 
 Data sizes:     COMRAM   BANK0   BANK1   BANK2   BANK3   BANK4   BANK5   BANK6   BANK7
      Params:         8       0       0       0       0       0       0       0       0
      Locals:        13       0       0       0       0       0       0       0       0
      Temps:          4       0       0       0       0       0       0       0       0
      Totals:        25       0       0       0       0       0       0       0       0
Total ram usage:       25 bytes
 Hardware stack levels used:    1
 This function calls:
		Nothing
 This function is called by:
		_main
 This function uses a non-reentrant model


 *************** function _LCD_String_xy *****************
 Defined at:
		line 59 in file "lcd.c"
 Parameters:    Size  Location     Type
  row             1    wreg     unsigned char 
  pos             1   10[COMRAM] unsigned char 
  msg             2   11[COMRAM] PTR const unsigned char 
		 -> STR_2(8), STR_1(12), 
 Auto vars:     Size  Location     Type
  row             1   13[COMRAM] unsigned char 
  location        1   14[COMRAM] unsigned char 
 Return value:  Size  Location     Type
                  1    wreg      void 
 Registers used:
		wreg, fsr2l, fsr2h, status,2, status,0, tblptrl, tblptrh, tblptru, cstack
 Tracked objects:
		On entry : 
		On exit  : 
		Unchanged: 
 Data sizes:     COMRAM   BANK0   BANK1   BANK2   BANK3   BANK4   BANK5   BANK6   BANK7
      Params:         3       0       0       0       0       0       0       0       0
      Locals:         2       0       0       0       0       0       0       0       0
      Temps:          0       0       0       0       0       0       0       0       0
      Totals:         5       0       0       0       0       0       0       0       0
Total ram usage:        5 bytes
 Hardware stack levels used:    1
 Hardware stack levels required when called:    3
 This function calls:
		_LCD_Command
		_LCD_String
 This function is called by:
		_main
 This function uses a non-reentrant model


 *************** function _LCD_String *****************
 Defined at:
		line 49 in file "lcd.c"
 Parameters:    Size  Location     Type
  msg             2    8[COMRAM] PTR const unsigned char 
		 -> display_float@output1(15), STR_4(2), display_float@output(15), STR_3(6), 
		 -> main@result_output(10), STR_2(8), STR_1(12), 
 Auto vars:     Size  Location     Type
		None
 Return value:  Size  Location     Type
                  1    wreg      void 
 Registers used:
		wreg, fsr2l, fsr2h, status,2, status,0, tblptrl, tblptrh, tblptru, cstack
 Tracked objects:
		On entry : 
		On exit  : 
		Unchanged: 
 Data sizes:     COMRAM   BANK0   BANK1   BANK2   BANK3   BANK4   BANK5   BANK6   BANK7
      Params:         2       0       0       0       0       0       0       0       0
      Locals:         0       0       0       0       0       0       0       0       0
      Temps:          0       0       0       0       0       0       0       0       0
      Totals:         2       0       0       0       0       0       0       0       0
Total ram usage:        2 bytes
 Hardware stack levels used:    1
 Hardware stack levels required when called:    2
 This function calls:
		_LCD_Char
 This function is called by:
		_main
		_display_float
		_LCD_String_xy
 This function uses a non-reentrant model


 *************** function _LCD_Char *****************
 Defined at:
		line 35 in file "lcd.c"
 Parameters:    Size  Location     Type
  dat             1    wreg     unsigned char 
 Auto vars:     Size  Location     Type
  dat             1    7[COMRAM] unsigned char 
 Return value:  Size  Location     Type
                  1    wreg      void 
 Registers used:
		wreg, status,2, status,0, cstack
 Tracked objects:
		On entry : 
		On exit  : 
		Unchanged: 
 Data sizes:     COMRAM   BANK0   BANK1   BANK2   BANK3   BANK4   BANK5   BANK6   BANK7
      Params:         0       0       0       0       0       0       0       0       0
      Locals:         1       0       0       0       0       0       0       0       0
      Temps:          1       0       0       0       0       0       0       0       0
      Totals:         2       0       0       0       0       0       0       0       0
Total ram usage:        2 bytes
 Hardware stack levels used:    1
 Hardware stack levels required when called:    1
 This function calls:
		_MSdelay
 This function is called by:
		_LCD_String
		_keyfind
 This function uses a non-reentrant model


 *************** function _LCD_Init *****************
 Defined at:
		line 4 in file "lcd.c"
 Parameters:    Size  Location     Type
		None
 Auto vars:     Size  Location     Type
		None
 Return value:  Size  Location     Type
                  1    wreg      void 
 Registers used:
		wreg, status,2, status,0, cstack
 Tracked objects:
		On entry : 
		On exit  : 
		Unchanged: 
 Data sizes:     COMRAM   BANK0   BANK1   BANK2   BANK3   BANK4   BANK5   BANK6   BANK7
      Params:         0       0       0       0       0       0       0       0       0
      Locals:         0       0       0       0       0       0       0       0       0
      Temps:          0       0       0       0       0       0       0       0       0
      Totals:         0       0       0       0       0       0       0       0       0
Total ram usage:        0 bytes
 Hardware stack levels used:    1
 Hardware stack levels required when called:    2
 This function calls:
		_LCD_Command
		_MSdelay
 This function is called by:
		_main
 This function uses a non-reentrant model


 *************** function _LCD_Clear *****************
 Defined at:
		line 78 in file "lcd.c"
 Parameters:    Size  Location     Type
		None
 Auto vars:     Size  Location     Type
		None
 Return value:  Size  Location     Type
                  1    wreg      void 
 Registers used:
		wreg, status,2, status,0, cstack
 Tracked objects:
		On entry : 
		On exit  : 
		Unchanged: 
 Data sizes:     COMRAM   BANK0   BANK1   BANK2   BANK3   BANK4   BANK5   BANK6   BANK7
      Params:         0       0       0       0       0       0       0       0       0
      Locals:         0       0       0       0       0       0       0       0       0
      Temps:          0       0       0       0       0       0       0       0       0
      Totals:         0       0       0       0       0       0       0       0       0
Total ram usage:        0 bytes
 Hardware stack levels used:    1
 Hardware stack levels required when called:    2
 This function calls:
		_LCD_Command
 This function is called by:
		_main
 This function uses a non-reentrant model


 *************** function _LCD_Command *****************
 Defined at:
		line 17 in file "lcd.c"
 Parameters:    Size  Location     Type
  cmd             1    wreg     unsigned char 
 Auto vars:     Size  Location     Type
  cmd             1    7[COMRAM] unsigned char 
 Return value:  Size  Location     Type
                  1    wreg      void 
 Registers used:
		wreg, status,2, status,0, cstack
 Tracked objects:
		On entry : 
		On exit  : 
		Unchanged: 
 Data sizes:     COMRAM   BANK0   BANK1   BANK2   BANK3   BANK4   BANK5   BANK6   BANK7
      Params:         0       0       0       0       0       0       0       0       0
      Locals:         1       0       0       0       0       0       0       0       0
      Temps:          1       0       0       0       0       0       0       0       0
      Totals:         2       0       0       0       0       0       0       0       0
Total ram usage:        2 bytes
 Hardware stack levels used:    1
 Hardware stack levels required when called:    1
 This function calls:
		_MSdelay
 This function is called by:
		_main
		_LCD_Init
		_LCD_String_xy
		_LCD_Clear
 This function uses a non-reentrant model


 *************** function _MSdelay *****************
 Defined at:
		line 83 in file "lcd.c"
 Parameters:    Size  Location     Type
  val             2    0[COMRAM] unsigned int 
 Auto vars:     Size  Location     Type
  j               2    4[COMRAM] unsigned int 
  i               2    2[COMRAM] unsigned int 
 Return value:  Size  Location     Type
                  1    wreg      void 
 Registers used:
		wreg, status,2, status,0
 Tracked objects:
		On entry : 
		On exit  : 
		Unchanged: 
 Data sizes:     COMRAM   BANK0   BANK1   BANK2   BANK3   BANK4   BANK5   BANK6   BANK7
      Params:         2       0       0       0       0       0       0       0       0
      Locals:         4       0       0       0       0       0       0       0       0
      Temps:          0       0       0       0       0       0       0       0       0
      Totals:         6       0       0       0       0       0       0       0       0
Total ram usage:        6 bytes
 Hardware stack levels used:    1
 This function calls:
		Nothing
 This function is called by:
		_main
		_LCD_Init
		_LCD_Command
		_LCD_Char
		_keyfind
 This function uses a non-reentrant model



MODULE INFORMATION

Module		Function		Class		Link	Load	Size
C:\Program Files (x86)\Microchip\xc8\v2.10\pic\sources\c90\common\lwdiv.c
		___lwdiv       		CODE           	24E2	0000	117

C:\Program Files (x86)\Microchip\xc8\v2.10\pic\sources\c90\common\lwdiv.c estimated size: 117

C:\Program Files (x86)\Microchip\xc8\v2.10\pic\sources\c90\common\fltol.c
		___fltol       		CODE           	21EE	0000	263

C:\Program Files (x86)\Microchip\xc8\v2.10\pic\sources\c90\common\fltol.c estimated size: 263

C:\Program Files (x86)\Microchip\xc8\v2.10\pic\sources\c90\common\ltoa.c
		_ltoa          		CODE           	2682	0000	85
		_ultoa         		CODE           	20DA	0000	277

C:\Program Files (x86)\Microchip\xc8\v2.10\pic\sources\c90\common\ltoa.c estimated size: 362

teclado.c
		_keyfind       		CODE           	1858	0000	731

teclado.c estimated size: 731

C:\Program Files (x86)\Microchip\xc8\v2.10\pic\sources\c90\common\itoa.c
		_itoa          		CODE           	27FE	0000	69
		_utoa          		CODE           	22F4	0000	195

C:\Program Files (x86)\Microchip\xc8\v2.10\pic\sources\c90\common\itoa.c estimated size: 264

C:\Program Files (x86)\Microchip\xc8\v2.10\pic\sources\c90\common\sprcmul.c
		___flmul       		CODE           	0CDE	0000	1067

C:\Program Files (x86)\Microchip\xc8\v2.10\pic\sources\c90\common\sprcmul.c estimated size: 1067

C:\Program Files (x86)\Microchip\xc8\v2.10\pic\sources\c90\common\__lldiv.c
		___lldiv       		CODE           	23B6	0000	165

C:\Program Files (x86)\Microchip\xc8\v2.10\pic\sources\c90\common\__lldiv.c estimated size: 165

C:\Program Files (x86)\Microchip\xc8\v2.10\pic\sources\c90\common\atol.c
		_atol          		CODE           	1FA0	0000	315

C:\Program Files (x86)\Microchip\xc8\v2.10\pic\sources\c90\common\atol.c estimated size: 315

C:\Program Files (x86)\Microchip\xc8\v2.10\pic\sources\c90\common\sprcdiv.c
		___fldiv       		CODE           	14BE	0000	923

C:\Program Files (x86)\Microchip\xc8\v2.10\pic\sources\c90\common\sprcdiv.c estimated size: 923

C:\Program Files (x86)\Microchip\xc8\v2.10\pic\sources\c90\common\Umul32.c
		___lmul        		CODE           	2556	0000	107

C:\Program Files (x86)\Microchip\xc8\v2.10\pic\sources\c90\common\Umul32.c estimated size: 107

C:\Program Files (x86)\Microchip\xc8\v2.10\pic\sources\c90\common\xxtofl.c
		___xxtofl      		CODE           	1DEC	0000	437

C:\Program Files (x86)\Microchip\xc8\v2.10\pic\sources\c90\common\xxtofl.c estimated size: 437

shared
		__initialization		CODE           	28BA	0000	41

shared estimated size: 41

Calculadora.c
		_main          		CODE           	1108	0000	951
		_display_float 		CODE           	1B32	0000	699

Calculadora.c estimated size: 1650

C:\Program Files (x86)\Microchip\xc8\v2.10\pic\sources\c90\common\memset.c
		_memset        		CODE           	2882	0000	57

C:\Program Files (x86)\Microchip\xc8\v2.10\pic\sources\c90\common\memset.c estimated size: 57

C:\Program Files (x86)\Microchip\xc8\v2.10\pic\sources\c90\common\lwmod.c
		___lwmod       		CODE           	25C0	0000	101

C:\Program Files (x86)\Microchip\xc8\v2.10\pic\sources\c90\common\lwmod.c estimated size: 101

lcd.c
		_LCD_String    		CODE           	2624	0000	95
		_LCD_Init      		CODE           	291E	0000	49
		_LCD_Command   		CODE           	2722	0000	77
		_LCD_String_xy 		CODE           	2842	0000	65
		_LCD_Char      		CODE           	26D6	0000	77
		_LCD_Clear     		CODE           	295E	0000	9
		_MSdelay       		CODE           	276E	0000	75

lcd.c estimated size: 447

C:\Program Files (x86)\Microchip\xc8\v2.10\pic\sources\c90\common\isdigit.c
		_isdigit       		CODE           	28EC	0000	51

C:\Program Files (x86)\Microchip\xc8\v2.10\pic\sources\c90\common\isdigit.c estimated size: 51

C:\Program Files (x86)\Microchip\xc8\v2.10\pic\sources\c90\common\llmod.c
		___llmod       		CODE           	245A	0000	137

C:\Program Files (x86)\Microchip\xc8\v2.10\pic\sources\c90\common\llmod.c estimated size: 137

C:\Program Files (x86)\Microchip\xc8\v2.10\pic\sources\c90\common\sprcadd.c
		___flsub       		CODE           	27B8	0000	71
		___fladd       		CODE           	081E	0000	1217

C:\Program Files (x86)\Microchip\xc8\v2.10\pic\sources\c90\common\sprcadd.c estimated size: 1288

